// Jest Snapshot v1, https://goo.gl/fbAQLP

exports[`TEST CharactersBox 1`] = `
<div
  className="characters-box"
  onScroll={[Function]}
>
  <div
    className="characters-list"
    style={
      Object {
        "height": 0,
      }
    }
  />
</div>
`;
