// Jest Snapshot v1, https://goo.gl/fbAQLP

exports[`TEST Loader 1`] = `
<div
  className="loader-box"
>
  <div
    className="loader"
  />
</div>
`;
